[plumegame.com/index.html]
[backblue.gif]
[fade.gif]
[index.html]
[plumegame.com/assets/images/share/facebooke209.png]
[plumegame.com/build/main.css]
[plumegame.com/assets/images/fav/apple-icon-57x57.png]
[plumegame.com/assets/images/share/twittere209.png]
[plumegame.com/assets/images/fav/apple-icon-60x60.png]
[plumegame.com/assets/images/fav/apple-icon-72x72.png]
[plumegame.com/assets/images/fav/apple-icon-76x76.png]
[plumegame.com/assets/images/fav/apple-icon-114x114.png]
[plumegame.com/assets/images/fav/apple-icon-120x120.png]
[plumegame.com/assets/images/fav/apple-icon-144x144.png]
[plumegame.com/assets/images/fav/apple-icon-152x152.png]
[plumegame.com/assets/images/fav/apple-icon-180x180.png]
[plumegame.com/assets/images/fav/android-icon-192x192.png]
[plumegame.com/assets/images/fav/favicon-32x32.png]
[plumegame.com/assets/images/fav/favicon-96x96.png]
[plumegame.com/assets/images/fav/favicon-16x16.png]
[plumegame.com/assets/images/fav/manifest.json]
[plumegame.com/assets/images/fav/ms-icon-144x144.png]
[www.google-analytics.com/analytics.js]
[plumegame.com/index.html]
[plumegame.com/assets/fonts/open-italic.woff2]
[plumegame.com/build/main.js]
[plumegame.com/build/vendors.js]
[plumegame.com/assets/fonts/open-italic.woff]
[plumegame.com/assets/fonts/bahiana.woff2]
[plumegame.com/assets/fonts/bahiana.woff]
[plumegame.com/assets/images/small-underline.png]
[plumegame.com/assets/images/pointer.png]
[plumegame.com/assets/images/joystick.png]
[plumegame.com/assets/images/key-bg.png]
[plumegame.com/assets/images/key.png]
[plumegame.com/assets/images/radio.png]
[plumegame.com/assets/images/radio-check.png]
[plumegame.com/assets/images/pause-bg.png]
[plumegame.com/assets/images/pause-l.png]
[plumegame.com/assets/images/pause-r.png]
[plumegame.com/assets/images/heart.png]
[plumegame.com/assets/images/fallback-portrait.jpg]
[plumegame.com/assets/images/fallback-paysage.jpg]
[plumegame.com/build/main.css]
[plumegame.com/assets/images/bg-blue.jpg]
